== nemotron-colembed-vl-4b-v2_docvqa_test_subsampled: 500 docs, 451 queries, metric ndcg@5
  scored float16                                          x    2.0   31.4s
  scored int8(per_vector)                                 x    4.0   31.2s
  scored hierarchical_merge(0.5) > int8(per_vector)       x    8.0  117.4s
  scored hierarchical_merge(0.33) > int8(per_vector)      x   12.1  116.0s
  scored hierarchical_merge(0.25) > int8(per_vector)      x   15.9  113.0s
  scored hierarchical_merge(0.15) > int8(per_vector)      x   26.5  106.8s
  scored hierarchical_merge(0.1) > int8(per_vector)       x   39.8  106.8s
  scored int8(per_vector)                                 x    4.0   29.6s
  scored adaptive_merge(0.9) > int8(per_vector)           x    9.4  142.3s
  scored adaptive_merge(0.8) > int8(per_vector)           x   17.6  109.2s
  scored adaptive_merge(0.7) > int8(per_vector)           x   28.1   94.5s
  scored adaptive_merge(0.6) > int8(per_vector)           x   41.0   86.5s
  scored adaptive_merge(0.5) > int8(per_vector)           x   58.3   81.2s
  scored adaptive_merge(0.4) > int8(per_vector)           x   86.1   76.3s
  scored int4(mean)                                       x    8.0   36.7s
  scored hierarchical_merge(0.5) > int4(mean)             x   16.0  122.6s
  scored hierarchical_merge(0.33) > int4(mean)            x   24.1  115.3s
  scored hierarchical_merge(0.25) > int4(mean)            x   31.9  111.6s
  scored hierarchical_merge(0.15) > int4(mean)            x   53.0  107.7s
  scored hierarchical_merge(0.1) > int4(mean)             x   79.4  106.6s
  scored int4(mean)                                       x    8.0   25.2s
  scored adaptive_merge(0.9) > int4(mean)                 x   18.7  141.9s
  scored adaptive_merge(0.8) > int4(mean)                 x   35.3  106.2s
  scored adaptive_merge(0.7) > int4(mean)                 x   56.1   92.5s
  scored adaptive_merge(0.6) > int4(mean)                 x   82.0   85.0s
  scored adaptive_merge(0.5) > int4(mean)                 x  116.4   79.4s
  scored adaptive_merge(0.4) > int4(mean)                 x  172.0   75.8s
  scored binary                                           x   32.0   25.2s
  scored hierarchical_merge(0.5) > binary                 x   64.0  117.6s
  scored hierarchical_merge(0.33) > binary                x   96.6  113.8s
  scored hierarchical_merge(0.25) > binary                x  127.7  111.2s
  scored hierarchical_merge(0.15) > binary                x  212.5  107.3s
  scored hierarchical_merge(0.1) > binary                 x  318.4  105.7s
  scored binary                                           x   32.0   24.4s
  scored adaptive_merge(0.9) > binary                     x   75.1  136.1s
  scored adaptive_merge(0.8) > binary                     x  141.3  105.3s
  scored adaptive_merge(0.7) > binary                     x  224.8   91.9s
  scored adaptive_merge(0.6) > binary                     x  328.5   85.0s
  scored adaptive_merge(0.5) > binary                     x  466.5   79.8s
  scored adaptive_merge(0.4) > binary                     x  689.5   75.8s
  scored int8(per_vector)                                 x    4.0   30.0s
  scored project(1280) > int8(per_vector)                 x    8.0   47.5s
  scored project(640) > int8(per_vector)                  x   16.0   32.0s
  scored project(320) > int8(per_vector)                  x   31.8   25.5s
  scored project(160) > int8(per_vector)                  x   63.2   22.6s
  scored project(128) > int8(per_vector)                  x   78.8   21.8s
  scored int4(mean)                                       x    8.0   35.8s
  scored project(1280) > int4(mean)                       x   15.9   49.8s
  scored project(640) > int4(mean)                        x   31.8   33.5s
  scored project(320) > int4(mean)                        x   63.2   26.2s
  scored project(160) > int4(mean)                        x  124.9   22.8s
  scored project(128) > int4(mean)                        x  155.1   22.1s
  scored binary                                           x   32.0   25.2s
  scored project(1280) > binary                           x   64.0   44.5s
  scored project(640) > binary                            x  128.0   31.3s
  scored project(320) > binary                            x  256.0   25.1s
  scored project(160) > binary                            x  512.0   22.4s
  scored project(128) > binary                            x  640.0   21.8s
  scored hierarchical_merge(0.33) > int8(per_vector)      x   12.1  115.8s
  scored hierarchical_merge(0.33) > project(1280) > int8(per_vector) x   24.1  123.6s
  scored hierarchical_merge(0.33) > project(640) > int8(per_vector) x   48.2  117.9s
  scored hierarchical_merge(0.33) > project(320) > int8(per_vector) x   96.0  116.8s
  scored hierarchical_merge(0.33) > project(160) > int8(per_vector) x  190.9  116.8s
  scored hierarchical_merge(0.33) > project(128) > int8(per_vector) x  237.9  116.8s
  scored hierarchical_merge(0.33) > int4(mean)            x   24.1   12.0s
  scored hierarchical_merge(0.33) > project(1280) > int4(mean) x   48.2    9.1s
  scored hierarchical_merge(0.33) > project(640) > int4(mean) x   96.0    7.2s
  scored hierarchical_merge(0.33) > project(320) > int4(mean) x  190.9    6.0s
  scored hierarchical_merge(0.33) > project(160) > int4(mean) x  377.1    5.6s
  scored hierarchical_merge(0.33) > project(128) > int4(mean) x  468.6    5.5s
  scored hierarchical_merge(0.25) > int8(per_vector)      x   15.9  114.1s
  scored hierarchical_merge(0.25) > project(1280) > int8(per_vector) x   31.9  120.5s
  scored hierarchical_merge(0.25) > project(640) > int8(per_vector) x   63.6  114.8s
  scored hierarchical_merge(0.25) > project(320) > int8(per_vector) x  126.9  114.3s
  scored hierarchical_merge(0.25) > project(160) > int8(per_vector) x  252.2  112.7s
  scored hierarchical_merge(0.25) > project(128) > int8(per_vector) x  314.3  113.0s
  scored hierarchical_merge(0.25) > int4(mean)            x   31.9    9.2s
  scored hierarchical_merge(0.25) > project(1280) > int4(mean) x   63.6    7.1s
  scored hierarchical_merge(0.25) > project(640) > int4(mean) x  126.9    5.5s
  scored hierarchical_merge(0.25) > project(320) > int4(mean) x  252.2    4.7s
  scored hierarchical_merge(0.25) > project(160) > int4(mean) x  498.2    4.4s
  scored hierarchical_merge(0.25) > project(128) > int4(mean) x  618.9    4.3s
  labels     calibrate() default        target 0.99: met 1.0 (labels 1.0)  median x2.0  min 0.998315858188744
  labels     calibrate() default        target 0.97: met 0.95 (labels 0.95)  median x8.684324460004179  min 0.9689614195689068
  labels     calibrate() default        target 0.95: met 1.0 (labels 1.0)  median x32.0  min 0.958129701439691
  labels     point                      target 0.99: met 0.25 (labels 0.25)  median x36.51379464458091  min 0.9523941273283549
  labels     point                      target 0.97: met 0.6 (labels 0.6)  median x265.44651585216644  min 0.9249911758689383
  labels     point                      target 0.95: met 0.55 (labels 0.55)  median x328.4771367463519  min 0.9249911758689383
  labels     lower 0.975                target 0.99: met 0.75 (labels 0.75)  median x2.0  min 0.9851492790547524
  labels     lower 0.975                target 0.97: met 0.7 (labels 0.7)  median x17.359878021227466  min 0.9616662185255663
  labels     lower 0.975                target 0.95: met 1.0 (labels 1.0)  median x80.32133282091921  min 0.9523941273283549
  labels     lower 0.99                 target 0.99: met 0.95 (labels 0.95)  median x2.0  min 0.9856025403855762
  labels     lower 0.99                 target 0.97: met 0.7 (labels 0.7)  median x9.381297685831015  min 0.9616662185255663
  labels     lower 0.99                 target 0.95: met 1.0 (labels 1.0)  median x56.10739123268254  min 0.953423049815753
  labels     lower 0.999                target 0.99: met 1.0 (labels 1.0)  median x2.0  min 0.998315858188744
  labels     lower 0.999                target 0.97: met 0.9 (labels 0.9)  median x9.381297685831015  min 0.9639834995093773
  labels     lower 0.999                target 0.95: met 1.0 (labels 1.0)  median x32.0  min 0.958129701439691
  labels     bonferroni 0.975           target 0.99: met 1.0 (labels 1.0)  median x2.0  min 0.998315858188744
  labels     bonferroni 0.975           target 0.97: met 0.95 (labels 0.95)  median x9.381297685831015  min 0.9689614195689068
  labels     bonferroni 0.975           target 0.95: met 1.0 (labels 1.0)  median x32.0  min 0.958129701439691
  labels     lower 0.975 + margin 0.01  target 0.99: met 1.0 (labels 1.0)  median x2.0  min 0.998315858188744
  labels     lower 0.975 + margin 0.01  target 0.97: met 0.8 (labels 0.8)  median x9.381297685831015  min 0.96331678494889
  labels     lower 0.975 + margin 0.01  target 0.95: met 1.0 (labels 1.0)  median x53.04332460505165  min 0.9600426872764329
  baseline@1 calibrate() default        target 0.99: met 1.0 (labels 1.0)  median x2.0  min 0.9950790633809528
  baseline@1 calibrate() default        target 0.97: met 1.0 (labels 1.0)  median x2.0  min 0.9950790633809528
  baseline@1 calibrate() default        target 0.95: met 1.0 (labels 1.0)  median x7.987351234177342  min 0.9684205460517568
  baseline@1 point                      target 0.99: met 1.0 (labels 1.0)  median x2.0  min 0.9950790633809528
  baseline@1 point                      target 0.97: met 0.95 (labels 1.0)  median x7.987351234177342  min 0.9694789482422327
  baseline@1 point                      target 0.95: met 0.8 (labels 1.0)  median x9.381297685831015  min 0.8884470463983136
  baseline@1 lower 0.975                target 0.99: met 1.0 (labels 1.0)  median x2.0  min 0.9950790633809528
  baseline@1 lower 0.975                target 0.97: met 0.95 (labels 1.0)  median x2.0  min 0.9694789482422327
  baseline@1 lower 0.975                target 0.95: met 1.0 (labels 1.0)  median x7.987351234177342  min 0.9532442141670041
  baseline@1 lower 0.99                 target 0.99: met 1.0 (labels 1.0)  median x2.0  min 0.9950790633809528
  baseline@1 lower 0.99                 target 0.97: met 1.0 (labels 1.0)  median x2.0  min 0.9950790633809528
  baseline@1 lower 0.99                 target 0.95: met 1.0 (labels 1.0)  median x7.987351234177342  min 0.9532442141670041
  baseline@1 lower 0.999                target 0.99: met 1.0 (labels 1.0)  median x2.0  min 0.9950790633809528
  baseline@1 lower 0.999                target 0.97: met 1.0 (labels 1.0)  median x2.0  min 0.9950790633809528
  baseline@1 lower 0.999                target 0.95: met 1.0 (labels 1.0)  median x7.987351234177342  min 0.9684205460517568
  baseline@1 bonferroni 0.975           target 0.99: met 1.0 (labels 1.0)  median x2.0  min 0.9950790633809528
  baseline@1 bonferroni 0.975           target 0.97: met 1.0 (labels 1.0)  median x2.0  min 0.9950790633809528
  baseline@1 bonferroni 0.975           target 0.95: met 1.0 (labels 1.0)  median x7.987351234177342  min 0.9684205460517568
  baseline@1 lower 0.975 + margin 0.01  target 0.99: met None (labels None)  median xNone  min None
  baseline@1 lower 0.975 + margin 0.01  target 0.97: met 1.0 (labels 1.0)  median x2.0  min 0.9950790633809528
  baseline@1 lower 0.975 + margin 0.01  target 0.95: met 1.0 (labels 1.0)  median x5.992114336838866  min 0.9684205460517568
== nemotron-colembed-vl-4b-v2_docvqa_test_subsampled [selection_rules] done in 6231s
  labels     calibrate() default        target 0.99: met 1.0 (labels 1.0)  median x2.0  min 0.998315858188744
  labels     calibrate() default        target 0.97: met 0.95 (labels 0.95)  median x9.381297685831015  min 0.9689614195689068
  labels     calibrate() default        target 0.95: met 0.95 (labels 0.95)  median x32.0  min 0.9483654843903127
  labels     point                      target 0.99: met 0.1 (labels 0.1)  median x53.04332460505165  min 0.921339734007272
  labels     point                      target 0.97: met 0.6 (labels 0.6)  median x265.44651585216644  min 0.9249911758689383
  labels     point                      target 0.95: met 0.55 (labels 0.55)  median x328.4771367463519  min 0.8525524626156158
  labels     lower 0.975                target 0.99: met 0.8 (labels 0.8)  median x7.987435367478687  min 0.9679712578843315
  labels     lower 0.975                target 0.97: met 0.7 (labels 0.7)  median x31.80090883088633  min 0.9483654843903127
  labels     lower 0.975                target 0.95: met 1.0 (labels 1.0)  median x80.32133282091921  min 0.9523941273283549
  labels     lower 0.99                 target 0.99: met 0.9 (labels 0.9)  median x2.0  min 0.9856025403855762
  labels     lower 0.99                 target 0.97: met 0.7 (labels 0.7)  median x24.12461729159964  min 0.9483654843903127
  labels     lower 0.99                 target 0.95: met 1.0 (labels 1.0)  median x63.63530602842337  min 0.953423049815753
  labels     lower 0.999                target 0.99: met 1.0 (labels 1.0)  median x2.0  min 0.9901908576313747
  labels     lower 0.999                target 0.97: met 0.85 (labels 0.85)  median x15.950155763239875  min 0.9639834995093773
  labels     lower 0.999                target 0.95: met 0.95 (labels 0.95)  median x35.26729468484502  min 0.9483654843903127
  labels     bonferroni 0.975           target 0.99: met 1.0 (labels 1.0)  median x2.0  min 0.9901908576313747
  labels     bonferroni 0.975           target 0.97: met 0.95 (labels 0.95)  median x15.950155763239875  min 0.9689614195689068
  labels     bonferroni 0.975           target 0.95: met 0.95 (labels 0.95)  median x32.0  min 0.9483654843903127
  labels     lower 0.975 + margin 0.01  target 0.99: met 1.0 (labels 1.0)  median x2.0  min 0.9901908576313747
  labels     lower 0.975 + margin 0.01  target 0.97: met 0.8 (labels 0.8)  median x15.950155763239875  min 0.96331678494889
  labels     lower 0.975 + margin 0.01  target 0.95: met 1.0 (labels 1.0)  median x53.04332460505165  min 0.9600426872764329
  baseline@1 calibrate() default        target 0.99: met 1.0 (labels 1.0)  median x2.0  min 0.9950790633809528
  baseline@1 calibrate() default        target 0.97: met 1.0 (labels 1.0)  median x2.0  min 0.9950790633809528
  baseline@1 calibrate() default        target 0.95: met 1.0 (labels 1.0)  median x7.9875195007800315  min 0.9615591071591396
  baseline@1 point                      target 0.99: met 1.0 (labels 1.0)  median x2.0  min 0.9950790633809528
  baseline@1 point                      target 0.97: met 0.65 (labels 1.0)  median x15.950155763239875  min 0.9615591071591396
  baseline@1 point                      target 0.95: met 0.7 (labels 1.0)  median x15.950155763239875  min 0.8884470463983136
  baseline@1 lower 0.975                target 0.99: met 1.0 (labels 1.0)  median x2.0  min 0.9950790633809528
  baseline@1 lower 0.975                target 0.97: met 1.0 (labels 1.0)  median x4.993675617088671  min 0.9710138426073114
  baseline@1 lower 0.975                target 0.95: met 1.0 (labels 1.0)  median x15.950155763239875  min 0.9615591071591396
  baseline@1 lower 0.99                 target 0.99: met 1.0 (labels 1.0)  median x2.0  min 0.9950790633809528
  baseline@1 lower 0.99                 target 0.97: met 1.0 (labels 1.0)  median x2.0  min 0.9722566962426399
  baseline@1 lower 0.99                 target 0.95: met 1.0 (labels 1.0)  median x15.950155763239875  min 0.9532442141670041
  baseline@1 lower 0.999                target 0.99: met 1.0 (labels 1.0)  median x2.0  min 0.9950790633809528
  baseline@1 lower 0.999                target 0.97: met 1.0 (labels 1.0)  median x2.0  min 0.9950790633809528
  baseline@1 lower 0.999                target 0.95: met 1.0 (labels 1.0)  median x7.9875195007800315  min 0.9615591071591396
  baseline@1 bonferroni 0.975           target 0.99: met 1.0 (labels 1.0)  median x2.0  min 0.9950790633809528
  baseline@1 bonferroni 0.975           target 0.97: met 1.0 (labels 1.0)  median x2.0  min 0.9950790633809528
  baseline@1 bonferroni 0.975           target 0.95: met 1.0 (labels 1.0)  median x7.9875195007800315  min 0.9615591071591396
  baseline@1 lower 0.975 + margin 0.01  target 0.99: met None (labels None)  median xNone  min None
  baseline@1 lower 0.975 + margin 0.01  target 0.97: met 1.0 (labels 1.0)  median x2.0  min 0.9950790633809528
  baseline@1 lower 0.975 + margin 0.01  target 0.95: met 1.0 (labels 1.0)  median x7.9875195007800315  min 0.9615591071591396
== nemotron-colembed-vl-4b-v2_docvqa_test_subsampled [selection_rules_wide] done in 7304s
