== nemotron-colembed-vl-4b-v2_infovqa_test_subsampled: 500 docs, 494 queries, 2560-d, 738 vectors/page
   float32: nDCG@5 0.9344  7.56 MB/page  scan 62.2 ms/query
   float32                                                        x    1.0    30.8s
   float16                                                        x    2.0    37.4s
   int8(per_vector)                                               x    4.0    38.0s
   int4                                                           x    8.0    41.9s
   int4(mean)                                                     x    8.0    44.4s
   lloyd2(7)                                                      x   16.0    95.4s
   binary                                                         x   32.0    32.2s
   hierarchical_merge(0.5)                                        x    2.0   127.9s
   hierarchical_merge(0.33)                                       x    3.0   121.6s
   hierarchical_merge(0.25)                                       x    4.0   119.2s
   hierarchical_merge(0.1)                                        x    9.9   113.1s
   adaptive_merge(0.6)                                            x    7.4    98.0s
   hierarchical_merge(0.33) > float16                             x    6.0    12.0s
   hierarchical_merge(0.33) > int8(per_vector)                    x   12.1    12.2s
   hierarchical_merge(0.33) > int4                                x   24.1    13.2s
   hierarchical_merge(0.33) > int4(mean)                          x   24.1    14.3s
   hierarchical_merge(0.33) > lloyd2(7)                           x   48.3    30.4s
   hierarchical_merge(0.33) > binary                              x   96.7    10.2s
   hierarchical_merge(0.25) > float16                             x    8.0     9.1s
   hierarchical_merge(0.25) > int8(per_vector)                    x   16.0     9.3s
   hierarchical_merge(0.25) > int4                                x   31.9    10.0s
   hierarchical_merge(0.25) > int4(mean)                          x   31.9    10.8s
   hierarchical_merge(0.25) > lloyd2(7)                           x   63.8    23.3s
   hierarchical_merge(0.25) > binary                              x  127.7     7.8s
   project(1280)                                                  x    2.0    49.8s
   project(640)                                                   x    4.0    35.5s
   project(320)                                                   x    8.0    29.7s
   project(160)                                                   x   16.0    27.4s
   project(128)                                                   x   20.0    26.3s
   project(640)                                                   x    4.0    32.8s
   project(1280) > float16                                        x    4.0    52.6s
   project(1280) > int8(per_vector)                               x    8.0    29.1s
   project(1280) > int4(mean)                                     x   15.9    32.0s
   project(1280) > binary                                         x   64.0    26.4s
   project(640) > float16                                         x    8.0    37.3s
   project(640) > int8(per_vector)                                x   16.0    24.1s
   project(640) > int4(mean)                                      x   31.8    25.6s
   project(640) > binary                                          x  128.0    22.8s
   project(320) > float16                                         x   16.0    30.5s
   project(320) > int8(per_vector)                                x   31.8    21.6s
   project(320) > int4(mean)                                      x   63.2    22.2s
   project(320) > binary                                          x  256.0    21.0s
   project(160) > float16                                         x   32.0    27.5s
   project(160) > int8(per_vector)                                x   63.2    20.5s
   project(160) > int4(mean)                                      x  124.9    20.8s
   project(160) > binary                                          x  512.0    20.1s
   project(128) > float16                                         x   40.0    26.8s
   project(128) > int8(per_vector)                                x   78.8    20.1s
   project(128) > int4(mean)                                      x  155.1    20.5s
   project(128) > binary                                          x  640.0    20.1s
   hierarchical_merge(0.33) > project(640)                        x   12.1   126.9s
   hierarchical_merge(0.33) > project(320)                        x   24.2   123.5s
   hierarchical_merge(0.33) > project(128)                        x   60.4   122.3s
   hierarchical_merge(0.25) > project(640)                        x   16.0   120.9s
   hierarchical_merge(0.25) > project(320)                        x   31.9   120.7s
   hierarchical_merge(0.25) > project(128)                        x   79.8   120.0s
   hierarchical_merge(0.33) > project(640) > int8(per_vector)     x   48.2     8.4s
   hierarchical_merge(0.33) > project(640) > int4(mean)           x   96.1     8.9s
   hierarchical_merge(0.33) > project(640) > binary               x  386.8     8.0s
   hierarchical_merge(0.33) > project(320) > int8(per_vector)     x   96.1     7.5s
   hierarchical_merge(0.33) > project(320) > int4(mean)           x  191.0     7.7s
   hierarchical_merge(0.33) > project(320) > binary               x  773.7     7.4s
   hierarchical_merge(0.33) > project(128) > int8(per_vector)     x  238.0     7.1s
   hierarchical_merge(0.33) > project(128) > int4(mean)           x  468.9     7.1s
   hierarchical_merge(0.33) > project(128) > binary               x 1934.1     6.9s
   hierarchical_merge(0.25) > project(640) > int8(per_vector)     x   63.7     6.4s
   hierarchical_merge(0.25) > project(640) > int4(mean)           x  126.9     6.8s
   hierarchical_merge(0.25) > project(640) > binary               x  510.8     6.1s
   hierarchical_merge(0.25) > project(320) > int8(per_vector)     x  126.9     5.7s
   hierarchical_merge(0.25) > project(320) > int4(mean)           x  252.2     5.8s
   hierarchical_merge(0.25) > project(320) > binary               x 1021.6     5.6s
   hierarchical_merge(0.25) > project(128) > int8(per_vector)     x  314.4     5.4s
   hierarchical_merge(0.25) > project(128) > int4(mean)           x  619.1     5.4s
   hierarchical_merge(0.25) > project(128) > binary               x 2554.1     5.4s
   tiered binary               RAM    236.1 KB  ret 1.002
   tiered ward 1/4 > binary    RAM     59.2 KB  ret 1.002
== nemotron-colembed-vl-4b-v2_infovqa_test_subsampled done in 3131s
