== nemotron-colembed-vl-4b-v2_infovqa_test_subsampled: 500 docs, 494 queries, metric ndcg@5
  scored float16                                          x    2.0   37.4s
  scored int8(per_vector)                                 x    4.0   37.5s
  scored hierarchical_merge(0.5) > int8(per_vector)       x    8.0  130.1s
  scored hierarchical_merge(0.33) > int8(per_vector)      x   12.1  124.2s
  scored hierarchical_merge(0.25) > int8(per_vector)      x   16.0  122.1s
  scored hierarchical_merge(0.15) > int8(per_vector)      x   26.5  112.7s
  scored hierarchical_merge(0.1) > int8(per_vector)       x   39.7  112.1s
  scored int8(per_vector)                                 x    4.0   37.3s
  scored adaptive_merge(0.9) > int8(per_vector)           x    7.3  164.5s
  scored adaptive_merge(0.8) > int8(per_vector)           x   13.0  127.5s
  scored adaptive_merge(0.7) > int8(per_vector)           x   20.1  107.3s
  scored adaptive_merge(0.6) > int8(per_vector)           x   29.6   96.4s
  scored adaptive_merge(0.5) > int8(per_vector)           x   44.3   88.5s
  scored adaptive_merge(0.4) > int8(per_vector)           x   71.8   82.3s
  scored int4(mean)                                       x    8.0   42.6s
  scored hierarchical_merge(0.5) > int4(mean)             x   16.0  132.5s
  scored hierarchical_merge(0.33) > int4(mean)            x   24.1  124.6s
  scored hierarchical_merge(0.25) > int4(mean)            x   31.9  121.3s
  scored hierarchical_merge(0.15) > int4(mean)            x   53.0  112.3s
  scored hierarchical_merge(0.1) > int4(mean)             x   79.3  112.6s
  scored int4(mean)                                       x    8.0   42.5s
  scored adaptive_merge(0.9) > int4(mean)                 x   14.7  166.7s
  scored adaptive_merge(0.8) > int4(mean)                 x   26.0  127.5s
  scored adaptive_merge(0.7) > int4(mean)                 x   40.3  108.7s
  scored adaptive_merge(0.6) > int4(mean)                 x   59.2   97.9s
  scored adaptive_merge(0.5) > int4(mean)                 x   88.5   89.3s
  scored adaptive_merge(0.4) > int4(mean)                 x  143.3   82.4s
  scored binary                                           x   32.0   31.7s
  scored hierarchical_merge(0.5) > binary                 x   64.0  127.3s
  scored hierarchical_merge(0.33) > binary                x   96.7  121.5s
  scored hierarchical_merge(0.25) > binary                x  127.7  118.0s
  scored hierarchical_merge(0.15) > binary                x  212.3  111.9s
  scored hierarchical_merge(0.1) > binary                 x  318.0  111.5s
  scored binary                                           x   32.0   31.8s
  scored adaptive_merge(0.9) > binary                     x   58.8  159.9s
  scored adaptive_merge(0.8) > binary                     x  104.2  123.5s
  scored adaptive_merge(0.7) > binary                     x  161.3  106.0s
  scored adaptive_merge(0.6) > binary                     x  237.4   94.9s
  scored adaptive_merge(0.5) > binary                     x  354.8   86.2s
  scored adaptive_merge(0.4) > binary                     x  574.5   79.7s
  scored int8(per_vector)                                 x    4.0   36.9s
  scored project(1280) > int8(per_vector)                 x    8.0   51.8s
  scored project(640) > int8(per_vector)                  x   16.0   36.9s
  scored project(320) > int8(per_vector)                  x   31.8   29.8s
  scored project(160) > int8(per_vector)                  x   63.2   26.7s
  scored project(128) > int8(per_vector)                  x   78.8   26.0s
  scored int4(mean)                                       x    8.0   42.2s
  scored project(1280) > int4(mean)                       x   15.9   54.6s
  scored project(640) > int4(mean)                        x   31.8   38.1s
  scored project(320) > int4(mean)                        x   63.2   30.7s
  scored project(160) > int4(mean)                        x  124.9   27.3s
  scored project(128) > int4(mean)                        x  155.1   26.5s
  scored binary                                           x   32.0   31.3s
  scored project(1280) > binary                           x   64.0   49.6s
  scored project(640) > binary                            x  128.0   35.5s
  scored project(320) > binary                            x  256.0   29.5s
  scored project(160) > binary                            x  512.0   26.8s
  scored project(128) > binary                            x  640.0   26.1s
  scored hierarchical_merge(0.33) > int8(per_vector)      x   12.1  119.5s
  scored hierarchical_merge(0.33) > project(1280) > int8(per_vector) x   24.1  131.0s
  scored hierarchical_merge(0.33) > project(640) > int8(per_vector) x   48.2  124.3s
  scored hierarchical_merge(0.33) > project(320) > int8(per_vector) x   96.1  121.2s
  scored hierarchical_merge(0.33) > project(160) > int8(per_vector) x  191.0  120.6s
  scored hierarchical_merge(0.33) > project(128) > int8(per_vector) x  238.0  120.5s
  scored hierarchical_merge(0.33) > int4(mean)            x   24.1   13.9s
  scored hierarchical_merge(0.33) > project(1280) > int4(mean) x   48.2   11.2s
  scored hierarchical_merge(0.33) > project(640) > int4(mean) x   96.1    8.8s
  scored hierarchical_merge(0.33) > project(320) > int4(mean) x  191.0    7.5s
  scored hierarchical_merge(0.33) > project(160) > int4(mean) x  377.4    7.1s
  scored hierarchical_merge(0.33) > project(128) > int4(mean) x  468.9    6.9s
  scored hierarchical_merge(0.25) > int8(per_vector)      x   16.0  117.7s
  scored hierarchical_merge(0.25) > project(1280) > int8(per_vector) x   31.9  124.5s
  scored hierarchical_merge(0.25) > project(640) > int8(per_vector) x   63.7  118.0s
  scored hierarchical_merge(0.25) > project(320) > int8(per_vector) x  126.9  115.7s
  scored hierarchical_merge(0.25) > project(160) > int8(per_vector) x  252.3  117.8s
  scored hierarchical_merge(0.25) > project(128) > int8(per_vector) x  314.4  117.3s
  scored hierarchical_merge(0.25) > int4(mean)            x   31.9   10.9s
  scored hierarchical_merge(0.25) > project(1280) > int4(mean) x   63.6    8.5s
  scored hierarchical_merge(0.25) > project(640) > int4(mean) x  126.9    6.8s
  scored hierarchical_merge(0.25) > project(320) > int4(mean) x  252.2    5.8s
  scored hierarchical_merge(0.25) > project(160) > int4(mean) x  498.3    5.5s
  scored hierarchical_merge(0.25) > project(128) > int4(mean) x  619.1    5.3s
  labels     calibrate() default        target 0.99: met 1.0 (labels 1.0)  median x7.98734659602889  min 0.9919443618983692
  labels     calibrate() default        target 0.97: met 1.0 (labels 1.0)  median x277.661223808861  min 0.9828487279586532
  labels     calibrate() default        target 0.95: met 1.0 (labels 1.0)  median x354.7923076923077  min 0.9663687342013132
  labels     point                      target 0.99: met 0.35 (labels 0.35)  median x354.7923076923077  min 0.9828487279586532
  labels     point                      target 0.97: met 0.85 (labels 0.85)  median x574.5177111716621  min 0.9663687342013132
  labels     point                      target 0.95: met 1.0 (labels 1.0)  median x574.5177111716621  min 0.9663687342013132
  labels     lower 0.975                target 0.99: met 0.75 (labels 0.75)  median x104.1546156221056  min 0.9771018275590656
  labels     lower 0.975                target 0.97: met 0.95 (labels 0.95)  median x354.7923076923077  min 0.9663687342013132
  labels     lower 0.975                target 0.95: met 1.0 (labels 1.0)  median x574.5177111716621  min 0.9663687342013132
  labels     lower 0.99                 target 0.99: met 0.9 (labels 0.9)  median x32.0  min 0.9771018275590656
  labels     lower 0.99                 target 0.97: met 1.0 (labels 1.0)  median x354.7923076923077  min 0.9828487279586532
  labels     lower 0.99                 target 0.95: met 1.0 (labels 1.0)  median x574.5177111716621  min 0.9663687342013132
  labels     lower 0.999                target 0.99: met 0.95 (labels 0.95)  median x7.98734659602889  min 0.9771018275590656
  labels     lower 0.999                target 0.97: met 1.0 (labels 1.0)  median x317.9526066350711  min 0.9828487279586532
  labels     lower 0.999                target 0.95: met 1.0 (labels 1.0)  median x354.7923076923077  min 0.9663687342013132
  labels     bonferroni 0.975           target 0.99: met 0.95 (labels 0.95)  median x7.98734659602889  min 0.9771018275590656
  labels     bonferroni 0.975           target 0.97: met 1.0 (labels 1.0)  median x237.36984098265083  min 0.9828487279586532
  labels     bonferroni 0.975           target 0.95: met 1.0 (labels 1.0)  median x354.7923076923077  min 0.9663687342013132
  labels     lower 0.975 + margin 0.01  target 0.99: met 1.0 (labels 1.0)  median x2.0  min 0.9985439455765541
  labels     lower 0.975 + margin 0.01  target 0.97: met 1.0 (labels 1.0)  median x237.36984098265083  min 0.9828487279586532
  labels     lower 0.975 + margin 0.01  target 0.95: met 1.0 (labels 1.0)  median x354.7923076923077  min 0.9663687342013132
  baseline@1 calibrate() default        target 0.99: met 0.95 (labels 1.0)  median x2.0  min 0.9849618563620598
  baseline@1 calibrate() default        target 0.97: met 1.0 (labels 1.0)  median x47.98716990128193  min 0.9705519048988922
  baseline@1 calibrate() default        target 0.95: met 1.0 (labels 1.0)  median x212.30761485210823  min 0.9628793889618016
  baseline@1 point                      target 0.99: met 0.2 (labels 0.9)  median x21.24283889332373  min 0.9778936068756676
  baseline@1 point                      target 0.97: met 0.45 (labels 1.0)  median x317.9526066350711  min 0.9611838276212602
  baseline@1 point                      target 0.95: met 0.7 (labels 1.0)  median x354.7923076923077  min 0.9393100277559032
  baseline@1 lower 0.975                target 0.99: met 0.95 (labels 1.0)  median x2.0  min 0.9849618563620598
  baseline@1 lower 0.975                target 0.97: met 1.0 (labels 1.0)  median x104.1546156221056  min 0.9705519048988922
  baseline@1 lower 0.975                target 0.95: met 1.0 (labels 1.0)  median x354.7923076923077  min 0.9611838276212602
  baseline@1 lower 0.99                 target 0.99: met 0.95 (labels 1.0)  median x2.0  min 0.9849618563620598
  baseline@1 lower 0.99                 target 0.97: met 1.0 (labels 1.0)  median x100.4306035783179  min 0.9705519048988922
  baseline@1 lower 0.99                 target 0.95: met 1.0 (labels 1.0)  median x354.7923076923077  min 0.9611838276212602
  baseline@1 lower 0.999                target 0.99: met 0.9 (labels 1.0)  median x2.0  min 0.9849618563620598
  baseline@1 lower 0.999                target 0.97: met 1.0 (labels 1.0)  median x63.974339802563854  min 0.9705519048988922
  baseline@1 lower 0.999                target 0.95: met 1.0 (labels 1.0)  median x212.30761485210823  min 0.9611838276212602
  baseline@1 bonferroni 0.975           target 0.99: met 0.9 (labels 1.0)  median x2.0  min 0.9849618563620598
  baseline@1 bonferroni 0.975           target 0.97: met 1.0 (labels 1.0)  median x47.98716990128193  min 0.9768646903701569
  baseline@1 bonferroni 0.975           target 0.95: met 1.0 (labels 1.0)  median x212.30761485210823  min 0.9611838276212602
  baseline@1 lower 0.975 + margin 0.01  target 0.99: met 1.0 (labels 1.0)  median x2.0  min 0.9985057884759978
  baseline@1 lower 0.975 + margin 0.01  target 0.97: met 1.0 (labels 1.0)  median x32.0  min 0.9778936068756676
  baseline@1 lower 0.975 + margin 0.01  target 0.95: met 1.0 (labels 1.0)  median x212.30761485210823  min 0.9611838276212602
== nemotron-colembed-vl-4b-v2_infovqa_test_subsampled [selection_rules] done in 6906s
  labels     calibrate() default        target 0.99: met 1.0 (labels 1.0)  median x7.9875195007800315  min 0.9919443618983692
  labels     calibrate() default        target 0.97: met 1.0 (labels 1.0)  median x286.97630331753555  min 0.9701850711417
  labels     calibrate() default        target 0.95: met 1.0 (labels 1.0)  median x640.0  min 0.9701850711417
  labels     point                      target 0.99: met 0.3 (labels 0.3)  median x354.7923076923077  min 0.9701850711417
  labels     point                      target 0.97: met 1.0 (labels 1.0)  median x640.0  min 0.9701850711417
  labels     point                      target 0.95: met 1.0 (labels 1.0)  median x640.0  min 0.9701850711417
  labels     lower 0.975                target 0.99: met 0.7 (labels 0.7)  median x104.1546156221056  min 0.9771018275590656
  labels     lower 0.975                target 0.97: met 0.95 (labels 0.95)  median x354.7923076923077  min 0.9663687342013132
  labels     lower 0.975                target 0.95: met 1.0 (labels 1.0)  median x640.0  min 0.9701850711417
  labels     lower 0.99                 target 0.99: met 0.85 (labels 0.85)  median x63.813991920465035  min 0.9771018275590656
  labels     lower 0.99                 target 0.97: met 1.0 (labels 1.0)  median x354.7923076923077  min 0.9701850711417
  labels     lower 0.99                 target 0.95: met 1.0 (labels 1.0)  median x640.0  min 0.9701850711417
  labels     lower 0.999                target 0.99: met 0.95 (labels 0.95)  median x7.9875195007800315  min 0.9771018275590656
  labels     lower 0.999                target 0.97: met 1.0 (labels 1.0)  median x317.9526066350711  min 0.9707290077739066
  labels     lower 0.999                target 0.95: met 1.0 (labels 1.0)  median x640.0  min 0.9701850711417
  labels     bonferroni 0.975           target 0.99: met 0.95 (labels 0.95)  median x7.9875195007800315  min 0.9771018275590656
  labels     bonferroni 0.975           target 0.97: met 1.0 (labels 1.0)  median x237.36984098265083  min 0.9834841730191448
  labels     bonferroni 0.975           target 0.95: met 1.0 (labels 1.0)  median x640.0  min 0.9663687342013132
  labels     lower 0.975 + margin 0.01  target 0.99: met 1.0 (labels 1.0)  median x2.0  min 0.9975705983311378
  labels     lower 0.975 + margin 0.01  target 0.97: met 1.0 (labels 1.0)  median x246.6849204913254  min 0.9828487279586532
  labels     lower 0.975 + margin 0.01  target 0.95: met 1.0 (labels 1.0)  median x640.0  min 0.9663687342013132
  baseline@1 calibrate() default        target 0.99: met 0.95 (labels 1.0)  median x2.0  min 0.9849618563620598
  baseline@1 calibrate() default        target 0.97: met 0.95 (labels 1.0)  median x63.974339802563854  min 0.9688635527761723
  baseline@1 calibrate() default        target 0.95: met 0.95 (labels 1.0)  median x256.0  min 0.9449894956374544
  baseline@1 point                      target 0.99: met 0.2 (labels 0.95)  median x31.938236923803085  min 0.975514467192762
  baseline@1 point                      target 0.97: met 0.45 (labels 1.0)  median x317.9526066350711  min 0.9449894956374544
  baseline@1 point                      target 0.95: met 0.9 (labels 1.0)  median x640.0  min 0.9449894956374544
  baseline@1 lower 0.975                target 0.99: met 0.9 (labels 1.0)  median x7.9875195007800315  min 0.9833403729977028
  baseline@1 lower 0.975                target 0.97: met 0.95 (labels 1.0)  median x104.1546156221056  min 0.9682781951351478
  baseline@1 lower 0.975                target 0.95: met 0.9 (labels 1.0)  median x354.7923076923077  min 0.9449894956374544
  baseline@1 lower 0.99                 target 0.99: met 0.9 (labels 1.0)  median x2.0  min 0.9833403729977028
  baseline@1 lower 0.99                 target 0.97: met 0.95 (labels 1.0)  median x104.1546156221056  min 0.9682781951351478
  baseline@1 lower 0.99                 target 0.95: met 0.9 (labels 1.0)  median x354.7923076923077  min 0.9449894956374544
  baseline@1 lower 0.999                target 0.99: met 0.85 (labels 1.0)  median x2.0  min 0.9833403729977028
  baseline@1 lower 0.999                target 0.97: met 0.9 (labels 1.0)  median x63.974339802563854  min 0.9688635527761723
  baseline@1 lower 0.999                target 0.95: met 0.95 (labels 1.0)  median x256.0  min 0.9449894956374544
  baseline@1 bonferroni 0.975           target 0.99: met 0.9 (labels 1.0)  median x2.0  min 0.9833403729977028
  baseline@1 bonferroni 0.975           target 0.97: met 0.85 (labels 1.0)  median x63.974339802563854  min 0.9681488394919123
  baseline@1 bonferroni 0.975           target 0.95: met 1.0 (labels 1.0)  median x256.0  min 0.9611838276212602
  baseline@1 lower 0.975 + margin 0.01  target 0.99: met 1.0 (labels 1.0)  median x2.0  min 0.9914687824320421
  baseline@1 lower 0.975 + margin 0.01  target 0.97: met 0.9 (labels 1.0)  median x32.0  min 0.9681488394919123
  baseline@1 lower 0.975 + margin 0.01  target 0.95: met 1.0 (labels 1.0)  median x256.0  min 0.9611838276212602
== nemotron-colembed-vl-4b-v2_infovqa_test_subsampled [selection_rules_wide] done in 8156s
