A. coverage of the one-sided bound for a fixed candidate (population = 451 DocVQA queries)
  binary                 true 0.9629 n= 25 conf=0.975: coverage 0.850
  binary                 true 0.9629 n= 25 conf=0.999: coverage 0.973
  binary                 true 0.9629 n= 50 conf=0.975: coverage 0.950
  binary                 true 0.9629 n= 50 conf=0.999: coverage 0.995
  binary                 true 0.9629 n=100 conf=0.975: coverage 0.950
  binary                 true 0.9629 n=100 conf=0.999: coverage 0.993
  binary                 true 0.9629 n=225 conf=0.975: coverage 0.953
  binary                 true 0.9629 n=225 conf=0.999: coverage 0.998
  int4                   true 0.9750 n= 25 conf=0.975: coverage 0.772
  int4                   true 0.9750 n= 25 conf=0.999: coverage 0.870
  int4                   true 0.9750 n= 50 conf=0.975: coverage 0.902
  int4                   true 0.9750 n= 50 conf=0.999: coverage 0.973
  int4                   true 0.9750 n=100 conf=0.975: coverage 0.953
  int4                   true 0.9750 n=100 conf=0.999: coverage 0.995
  int4                   true 0.9750 n=225 conf=0.975: coverage 0.958
  int4                   true 0.9750 n=225 conf=0.999: coverage 0.995
  adaptive_c0.6>int8     true 0.9647 n= 25 conf=0.975: coverage 0.835
  adaptive_c0.6>int8     true 0.9647 n= 25 conf=0.999: coverage 0.940
  adaptive_c0.6>int8     true 0.9647 n= 50 conf=0.975: coverage 0.932
  adaptive_c0.6>int8     true 0.9647 n= 50 conf=0.999: coverage 0.985
  adaptive_c0.6>int8     true 0.9647 n=100 conf=0.975: coverage 0.945
  adaptive_c0.6>int8     true 0.9647 n=100 conf=0.999: coverage 0.995
  adaptive_c0.6>int8     true 0.9647 n=225 conf=0.975: coverage 0.968
  adaptive_c0.6>int8     true 0.9647 n=225 conf=0.999: coverage 1.000
  adaptive0.5>binary     true 0.8776 n= 25 conf=0.975: coverage 0.902
  adaptive0.5>binary     true 0.8776 n= 25 conf=0.999: coverage 0.973
  adaptive0.5>binary     true 0.8776 n= 50 conf=0.975: coverage 0.958
  adaptive0.5>binary     true 0.8776 n= 50 conf=0.999: coverage 0.988
  adaptive0.5>binary     true 0.8776 n=100 conf=0.975: coverage 0.968
  adaptive0.5>binary     true 0.8776 n=100 conf=0.999: coverage 0.990
  adaptive0.5>binary     true 0.8776 n=225 conf=0.975: coverage 0.960
  adaptive0.5>binary     true 0.8776 n=225 conf=0.999: coverage 1.000
B. K independent candidates, each with true retention = target - delta; P(at least one passes)
  target 0.97 true 0.960 K= 1 conf=0.97500: P(some infeasible candidate passes) 0.013
  target 0.97 true 0.960 K= 1 conf=0.99900: P(some infeasible candidate passes) 0.003
  target 0.97 true 0.960 K=10 conf=0.97500: P(some infeasible candidate passes) 0.230
  target 0.97 true 0.960 K=10 conf=0.99750: P(some infeasible candidate passes) 0.147
  target 0.97 true 0.960 K=10 conf=0.99900: P(some infeasible candidate passes) 0.097
  target 0.97 true 0.960 K=40 conf=0.97500: P(some infeasible candidate passes) 0.640
  target 0.97 true 0.960 K=40 conf=0.99900: P(some infeasible candidate passes) 0.343
  target 0.97 true 0.960 K=40 conf=0.99938: P(some infeasible candidate passes) 0.350
  target 0.97 true 0.965 K= 1 conf=0.97500: P(some infeasible candidate passes) 0.043
  target 0.97 true 0.965 K= 1 conf=0.99900: P(some infeasible candidate passes) 0.020
  target 0.97 true 0.965 K=10 conf=0.97500: P(some infeasible candidate passes) 0.330
  target 0.97 true 0.965 K=10 conf=0.99750: P(some infeasible candidate passes) 0.320
  target 0.97 true 0.965 K=10 conf=0.99900: P(some infeasible candidate passes) 0.207
  target 0.97 true 0.965 K=40 conf=0.97500: P(some infeasible candidate passes) 0.873
  target 0.97 true 0.965 K=40 conf=0.99900: P(some infeasible candidate passes) 0.553
  target 0.97 true 0.965 K=40 conf=0.99938: P(some infeasible candidate passes) 0.557
  target 0.95 true 0.940 K= 1 conf=0.97500: P(some infeasible candidate passes) 0.023
  target 0.95 true 0.940 K= 1 conf=0.99900: P(some infeasible candidate passes) 0.010
  target 0.95 true 0.940 K=10 conf=0.97500: P(some infeasible candidate passes) 0.167
  target 0.95 true 0.940 K=10 conf=0.99750: P(some infeasible candidate passes) 0.107
  target 0.95 true 0.940 K=10 conf=0.99900: P(some infeasible candidate passes) 0.073
  target 0.95 true 0.940 K=40 conf=0.97500: P(some infeasible candidate passes) 0.617
  target 0.95 true 0.940 K=40 conf=0.99900: P(some infeasible candidate passes) 0.263
  target 0.95 true 0.940 K=40 conf=0.99938: P(some infeasible candidate passes) 0.250
C1. zero-variance bootstrap: compressed identical to baseline on every sampled query
  population retention 0.909; 10-query calibration passes a 0.97 target at 0.999 in 0.402 of draws
C2. resamples with zero baseline mean are dropped (NaN) rather than counted
  one of 30 queries has a relevant hit; LB = 1.0 point = 1.0
